1783124582.880601 client started (108468): version 3.7b-win32, socket tmux-danie-default, protocol 8
1783124582.881612 on Windows 10 Native
1783124582.881612 using libevent 2.2.0-alpha-dev win32
1783124582.882601 flags are 0x18010000
1783124582.882601 connecting to server label tmux-danie-default
1783124582.882601 connect failed, starting server
1783124583.101394 server connected after 2 retries
1783124583.101394 add peer 000001CD31706C90: 420 (0000000000000000)
1783124583.102899 sending message 111 to peer 000001CD31706C90 (8 bytes)
1783124583.102899 sending message 111 to peer 000001CD31706C90 (8 bytes)
1783124583.103905 sending message 101 to peer 000001CD31706C90 (15 bytes)
1783124583.103905 sending message 109 to peer 000001CD31706C90 (4 bytes)
1783124583.103905 sending message 102 to peer 000001CD31706C90 (4 bytes)
1783124583.103905 sending message 108 to peer 000001CD31706C90 (28 bytes)
1783124583.103905 sending message 112 to peer 000001CD31706C90 (5 bytes)
1783124583.103905 sending message 112 to peer 000001CD31706C90 (6 bytes)
1783124583.103905 sending message 112 to peer 000001CD31706C90 (5 bytes)
1783124583.103905 sending message 112 to peer 000001CD31706C90 (5 bytes)
1783124583.103905 sending message 112 to peer 000001CD31706C90 (6 bytes)
1783124583.103905 sending message 112 to peer 000001CD31706C90 (7 bytes)
1783124583.103905 sending message 112 to peer 000001CD31706C90 (11 bytes)
1783124583.103905 sending message 112 to peer 000001CD31706C90 (8 bytes)
1783124583.103905 sending message 112 to peer 000001CD31706C90 (9 bytes)
1783124583.103905 sending message 112 to peer 000001CD31706C90 (12 bytes)
1783124583.103905 sending message 112 to peer 000001CD31706C90 (21 bytes)
1783124583.103905 sending message 112 to peer 000001CD31706C90 (7 bytes)
1783124583.103905 sending message 112 to peer 000001CD31706C90 (13 bytes)
1783124583.103905 sending message 112 to peer 000001CD31706C90 (7 bytes)
1783124583.103905 sending message 112 to peer 000001CD31706C90 (13 bytes)
1783124583.103905 sending message 112 to peer 000001CD31706C90 (9 bytes)
1783124583.103905 sending message 112 to peer 000001CD31706C90 (13 bytes)
1783124583.103905 sending message 112 to peer 000001CD31706C90 (9 bytes)
1783124583.103905 sending message 112 to peer 000001CD31706C90 (13 bytes)
1783124583.103905 sending message 112 to peer 000001CD31706C90 (9 bytes)
1783124583.103905 sending message 112 to peer 000001CD31706C90 (15 bytes)
1783124583.103905 sending message 112 to peer 000001CD31706C90 (21 bytes)
1783124583.103905 sending message 112 to peer 000001CD31706C90 (14 bytes)
1783124583.103905 sending message 112 to peer 000001CD31706C90 (6 bytes)
1783124583.103905 sending message 112 to peer 000001CD31706C90 (6 bytes)
1783124583.103905 sending message 112 to peer 000001CD31706C90 (13 bytes)
1783124583.103905 sending message 112 to peer 000001CD31706C90 (14 bytes)
1783124583.103905 sending message 112 to peer 000001CD31706C90 (7 bytes)
1783124583.103905 sending message 112 to peer 000001CD31706C90 (7 bytes)
1783124583.103905 sending message 112 to peer 000001CD31706C90 (9 bytes)
1783124583.104974 sending message 112 to peer 000001CD31706C90 (13 bytes)
1783124583.104974 sending message 112 to peer 000001CD31706C90 (9 bytes)
1783124583.104974 sending message 112 to peer 000001CD31706C90 (13 bytes)
1783124583.104974 sending message 112 to peer 000001CD31706C90 (8 bytes)
1783124583.104974 sending message 112 to peer 000001CD31706C90 (12 bytes)
1783124583.104974 sending message 112 to peer 000001CD31706C90 (13 bytes)
1783124583.104974 sending message 112 to peer 000001CD31706C90 (8 bytes)
1783124583.104974 sending message 112 to peer 000001CD31706C90 (12 bytes)
1783124583.104974 sending message 112 to peer 000001CD31706C90 (10 bytes)
1783124583.104974 sending message 112 to peer 000001CD31706C90 (9 bytes)
1783124583.104974 sending message 112 to peer 000001CD31706C90 (10 bytes)
1783124583.104974 sending message 112 to peer 000001CD31706C90 (10 bytes)
1783124583.104974 sending message 112 to peer 000001CD31706C90 (11 bytes)
1783124583.104974 sending message 112 to peer 000001CD31706C90 (9 bytes)
1783124583.104974 sending message 112 to peer 000001CD31706C90 (11 bytes)
1783124583.104974 sending message 112 to peer 000001CD31706C90 (10 bytes)
1783124583.104974 sending message 112 to peer 000001CD31706C90 (12 bytes)
1783124583.104974 sending message 112 to peer 000001CD31706C90 (11 bytes)
1783124583.104974 sending message 112 to peer 000001CD31706C90 (11 bytes)
1783124583.104974 sending message 112 to peer 000001CD31706C90 (11 bytes)
1783124583.104974 sending message 112 to peer 000001CD31706C90 (69 bytes)
1783124583.104974 sending message 112 to peer 000001CD31706C90 (70 bytes)
1783124583.104974 sending message 112 to peer 000001CD31706C90 (12 bytes)
1783124583.104974 sending message 112 to peer 000001CD31706C90 (13 bytes)
1783124583.104974 sending message 112 to peer 000001CD31706C90 (19 bytes)
1783124583.104974 sending message 112 to peer 000001CD31706C90 (16 bytes)
1783124583.104974 sending message 112 to peer 000001CD31706C90 (24 bytes)
1783124583.104974 sending message 112 to peer 000001CD31706C90 (24 bytes)
1783124583.104974 sending message 112 to peer 000001CD31706C90 (13 bytes)
1783124583.104974 sending message 112 to peer 000001CD31706C90 (13 bytes)
1783124583.104974 sending message 112 to peer 000001CD31706C90 (5 bytes)
1783124583.104974 sending message 112 to peer 000001CD31706C90 (9 bytes)
1783124583.104974 sending message 112 to peer 000001CD31706C90 (7 bytes)
1783124583.104974 sending message 112 to peer 000001CD31706C90 (6 bytes)
1783124583.104974 sending message 112 to peer 000001CD31706C90 (5 bytes)
1783124583.104974 sending message 112 to peer 000001CD31706C90 (8 bytes)
1783124583.104974 sending message 112 to peer 000001CD31706C90 (7 bytes)
1783124583.104974 sending message 112 to peer 000001CD31706C90 (10 bytes)
1783124583.104974 sending message 112 to peer 000001CD31706C90 (10 bytes)
1783124583.104974 sending message 112 to peer 000001CD31706C90 (58 bytes)
1783124583.104974 sending message 112 to peer 000001CD31706C90 (9 bytes)
1783124583.104974 sending message 112 to peer 000001CD31706C90 (6 bytes)
1783124583.104974 sending message 112 to peer 000001CD31706C90 (10 bytes)
1783124583.104974 sending message 112 to peer 000001CD31706C90 (10 bytes)
1783124583.104974 sending message 112 to peer 000001CD31706C90 (10 bytes)
1783124583.105906 sending message 112 to peer 000001CD31706C90 (10 bytes)
1783124583.105906 sending message 112 to peer 000001CD31706C90 (6 bytes)
1783124583.105906 sending message 112 to peer 000001CD31706C90 (11 bytes)
1783124583.105906 sending message 112 to peer 000001CD31706C90 (10 bytes)
1783124583.105906 sending message 112 to peer 000001CD31706C90 (9 bytes)
1783124583.105906 sending message 112 to peer 000001CD31706C90 (9 bytes)
1783124583.105906 sending message 112 to peer 000001CD31706C90 (9 bytes)
1783124583.105906 sending message 112 to peer 000001CD31706C90 (11 bytes)
1783124583.105906 sending message 112 to peer 000001CD31706C90 (9 bytes)
1783124583.105906 sending message 112 to peer 000001CD31706C90 (8 bytes)
1783124583.105906 sending message 112 to peer 000001CD31706C90 (8 bytes)
1783124583.105906 sending message 112 to peer 000001CD31706C90 (8 bytes)
1783124583.105906 sending message 112 to peer 000001CD31706C90 (8 bytes)
1783124583.105906 sending message 112 to peer 000001CD31706C90 (10 bytes)
1783124583.105906 sending message 112 to peer 000001CD31706C90 (10 bytes)
1783124583.105906 sending message 112 to peer 000001CD31706C90 (10 bytes)
1783124583.105906 sending message 112 to peer 000001CD31706C90 (10 bytes)
1783124583.105906 sending message 112 to peer 000001CD31706C90 (10 bytes)
1783124583.105906 sending message 112 to peer 000001CD31706C90 (11 bytes)
1783124583.105906 sending message 112 to peer 000001CD31706C90 (11 bytes)
1783124583.105906 sending message 112 to peer 000001CD31706C90 (11 bytes)
1783124583.105906 sending message 112 to peer 000001CD31706C90 (14 bytes)
1783124583.105906 sending message 112 to peer 000001CD31706C90 (14 bytes)
1783124583.105906 sending message 112 to peer 000001CD31706C90 (14 bytes)
1783124583.105906 sending message 112 to peer 000001CD31706C90 (14 bytes)
1783124583.105906 sending message 112 to peer 000001CD31706C90 (15 bytes)
1783124583.105906 sending message 112 to peer 000001CD31706C90 (15 bytes)
1783124583.105906 sending message 112 to peer 000001CD31706C90 (13 bytes)
1783124583.105906 sending message 112 to peer 000001CD31706C90 (9 bytes)
1783124583.105906 sending message 112 to peer 000001CD31706C90 (21 bytes)
1783124583.105906 sending message 112 to peer 000001CD31706C90 (9 bytes)
1783124583.105906 sending message 112 to peer 000001CD31706C90 (12 bytes)
1783124583.105906 sending message 112 to peer 000001CD31706C90 (12 bytes)
1783124583.105906 sending message 112 to peer 000001CD31706C90 (22 bytes)
1783124583.105906 sending message 104 to peer 000001CD31706C90 (0 bytes)
1783124583.105906 sending message 110 to peer 000001CD31706C90 (0 bytes)
1783124583.105906 sending message 113 to peer 000001CD31706C90 (65 bytes)
1783124583.105906 sending message 107 to peer 000001CD31706C90 (4 bytes)
1783124583.105906 sending message 105 to peer 000001CD31706C90 (31 bytes)
1783124583.105906 sending message 105 to peer 000001CD31706C90 (39 bytes)
1783124583.105906 sending message 105 to peer 000001CD31706C90 (49 bytes)
1783124583.105906 sending message 105 to peer 000001CD31706C90 (60 bytes)
1783124583.105906 sending message 105 to peer 000001CD31706C90 (49 bytes)
1783124583.105906 sending message 105 to peer 000001CD31706C90 (29 bytes)
1783124583.105906 sending message 105 to peer 000001CD31706C90 (36 bytes)
1783124583.105906 sending message 105 to peer 000001CD31706C90 (50 bytes)
1783124583.105906 sending message 105 to peer 000001CD31706C90 (25 bytes)
1783124583.105906 sending message 105 to peer 000001CD31706C90 (13 bytes)
1783124583.105906 sending message 105 to peer 000001CD31706C90 (22 bytes)
1783124583.105906 sending message 105 to peer 000001CD31706C90 (42 bytes)
1783124583.105906 sending message 105 to peer 000001CD31706C90 (30 bytes)
1783124583.105906 sending message 105 to peer 000001CD31706C90 (24 bytes)
1783124583.105906 sending message 105 to peer 000001CD31706C90 (42 bytes)
1783124583.106985 sending message 105 to peer 000001CD31706C90 (28 bytes)
1783124583.106985 sending message 105 to peer 000001CD31706C90 (33 bytes)
1783124583.106985 sending message 105 to peer 000001CD31706C90 (14 bytes)
1783124583.106985 sending message 105 to peer 000001CD31706C90 (1645 bytes)
1783124583.106985 sending message 105 to peer 000001CD31706C90 (67 bytes)
1783124583.106985 sending message 105 to peer 000001CD31706C90 (29 bytes)
1783124583.106985 sending message 105 to peer 000001CD31706C90 (73 bytes)
1783124583.106985 sending message 105 to peer 000001CD31706C90 (18 bytes)
1783124583.106985 sending message 105 to peer 000001CD31706C90 (24 bytes)
1783124583.106985 sending message 105 to peer 000001CD31706C90 (27 bytes)
1783124583.106985 sending message 105 to peer 000001CD31706C90 (30 bytes)
1783124583.106985 sending message 105 to peer 000001CD31706C90 (41 bytes)
1783124583.106985 sending message 105 to peer 000001CD31706C90 (30 bytes)
1783124583.106985 sending message 105 to peer 000001CD31706C90 (387 bytes)
1783124583.106985 sending message 105 to peer 000001CD31706C90 (23 bytes)
1783124583.106985 sending message 105 to peer 000001CD31706C90 (20 bytes)
1783124583.106985 sending message 105 to peer 000001CD31706C90 (15 bytes)
1783124583.106985 sending message 105 to peer 000001CD31706C90 (22 bytes)
1783124583.106985 sending message 105 to peer 000001CD31706C90 (39 bytes)
1783124583.106985 sending message 105 to peer 000001CD31706C90 (38 bytes)
1783124583.106985 sending message 105 to peer 000001CD31706C90 (27 bytes)
1783124583.106985 sending message 105 to peer 000001CD31706C90 (42 bytes)
1783124583.106985 sending message 105 to peer 000001CD31706C90 (15 bytes)
1783124583.106985 sending message 105 to peer 000001CD31706C90 (27 bytes)
1783124583.106985 sending message 105 to peer 000001CD31706C90 (82 bytes)
1783124583.106985 sending message 105 to peer 000001CD31706C90 (18 bytes)
1783124583.106985 sending message 105 to peer 000001CD31706C90 (33 bytes)
1783124583.106985 sending message 105 to peer 000001CD31706C90 (73 bytes)
1783124583.106985 sending message 105 to peer 000001CD31706C90 (53 bytes)
1783124583.106985 sending message 105 to peer 000001CD31706C90 (48 bytes)
1783124583.106985 sending message 105 to peer 000001CD31706C90 (20 bytes)
1783124583.106985 sending message 106 to peer 000001CD31706C90 (0 bytes)
1783124583.106985 sending message 208 to peer 000001CD31706C90 (8 bytes)
1783124583.108907 cmd_pack_argv: argv[0]=new
1783124583.108907 cmd_pack_argv: argv[1]=-s
1783124583.108907 cmd_pack_argv: argv[2]=test
1783124583.108907 sending message 200 to peer 000001CD31706C90 (16 bytes)
1783124583.108907 client loop enter
1783124583.155214 peer 000001CD31706C90 message 207
1783124583.155214 sending message 208 to peer 000001CD31706C90 (0 bytes)
1783124651.673588 peer 000001CD31706C90 message 203
1783124651.673588 sending message 205 to peer 000001CD31706C90 (0 bytes)
1783124651.674097 peer 000001CD31706C90 message 204
1783124651.674097 client loop exit
