1783119216.266481 client started (209084): version 3.7b-win32, socket tmux-danie-default, protocol 8
1783119216.267992 on Windows 10 Native
1783119216.268496 using libevent 2.2.0-alpha-dev win32
1783119216.270028 flags are 0x18010000
1783119216.270028 connecting to server label tmux-danie-default
1783119216.270028 connect failed, starting server
1783119216.497419 server connected after 2 retries
1783119216.497419 add peer 0000017638F06850: 424 (0000000000000000)
1783119216.498927 sending message 111 to peer 0000017638F06850 (8 bytes)
1783119216.498927 sending message 111 to peer 0000017638F06850 (8 bytes)
1783119216.498927 sending message 101 to peer 0000017638F06850 (15 bytes)
1783119216.498927 sending message 109 to peer 0000017638F06850 (4 bytes)
1783119216.498927 sending message 102 to peer 0000017638F06850 (4 bytes)
1783119216.498927 sending message 108 to peer 0000017638F06850 (28 bytes)
1783119216.498927 sending message 112 to peer 0000017638F06850 (5 bytes)
1783119216.498927 sending message 112 to peer 0000017638F06850 (6 bytes)
1783119216.498927 sending message 112 to peer 0000017638F06850 (5 bytes)
1783119216.498927 sending message 112 to peer 0000017638F06850 (5 bytes)
1783119216.498927 sending message 112 to peer 0000017638F06850 (6 bytes)
1783119216.498927 sending message 112 to peer 0000017638F06850 (7 bytes)
1783119216.498927 sending message 112 to peer 0000017638F06850 (11 bytes)
1783119216.498927 sending message 112 to peer 0000017638F06850 (8 bytes)
1783119216.499931 sending message 112 to peer 0000017638F06850 (9 bytes)
1783119216.499931 sending message 112 to peer 0000017638F06850 (12 bytes)
1783119216.499931 sending message 112 to peer 0000017638F06850 (21 bytes)
1783119216.499931 sending message 112 to peer 0000017638F06850 (7 bytes)
1783119216.499931 sending message 112 to peer 0000017638F06850 (13 bytes)
1783119216.499931 sending message 112 to peer 0000017638F06850 (7 bytes)
1783119216.499931 sending message 112 to peer 0000017638F06850 (13 bytes)
1783119216.499931 sending message 112 to peer 0000017638F06850 (9 bytes)
1783119216.499931 sending message 112 to peer 0000017638F06850 (13 bytes)
1783119216.499931 sending message 112 to peer 0000017638F06850 (9 bytes)
1783119216.499931 sending message 112 to peer 0000017638F06850 (13 bytes)
1783119216.499931 sending message 112 to peer 0000017638F06850 (9 bytes)
1783119216.499931 sending message 112 to peer 0000017638F06850 (15 bytes)
1783119216.499931 sending message 112 to peer 0000017638F06850 (21 bytes)
1783119216.499931 sending message 112 to peer 0000017638F06850 (14 bytes)
1783119216.499931 sending message 112 to peer 0000017638F06850 (6 bytes)
1783119216.499931 sending message 112 to peer 0000017638F06850 (6 bytes)
1783119216.499931 sending message 112 to peer 0000017638F06850 (13 bytes)
1783119216.499931 sending message 112 to peer 0000017638F06850 (14 bytes)
1783119216.499931 sending message 112 to peer 0000017638F06850 (7 bytes)
1783119216.499931 sending message 112 to peer 0000017638F06850 (7 bytes)
1783119216.499931 sending message 112 to peer 0000017638F06850 (9 bytes)
1783119216.499931 sending message 112 to peer 0000017638F06850 (13 bytes)
1783119216.499931 sending message 112 to peer 0000017638F06850 (9 bytes)
1783119216.499931 sending message 112 to peer 0000017638F06850 (13 bytes)
1783119216.499931 sending message 112 to peer 0000017638F06850 (8 bytes)
1783119216.499931 sending message 112 to peer 0000017638F06850 (12 bytes)
1783119216.499931 sending message 112 to peer 0000017638F06850 (13 bytes)
1783119216.499931 sending message 112 to peer 0000017638F06850 (8 bytes)
1783119216.499931 sending message 112 to peer 0000017638F06850 (12 bytes)
1783119216.499931 sending message 112 to peer 0000017638F06850 (10 bytes)
1783119216.499931 sending message 112 to peer 0000017638F06850 (9 bytes)
1783119216.499931 sending message 112 to peer 0000017638F06850 (10 bytes)
1783119216.499931 sending message 112 to peer 0000017638F06850 (10 bytes)
1783119216.499931 sending message 112 to peer 0000017638F06850 (11 bytes)
1783119216.499931 sending message 112 to peer 0000017638F06850 (9 bytes)
1783119216.499931 sending message 112 to peer 0000017638F06850 (11 bytes)
1783119216.499931 sending message 112 to peer 0000017638F06850 (10 bytes)
1783119216.499931 sending message 112 to peer 0000017638F06850 (12 bytes)
1783119216.500933 sending message 112 to peer 0000017638F06850 (11 bytes)
1783119216.500933 sending message 112 to peer 0000017638F06850 (11 bytes)
1783119216.500933 sending message 112 to peer 0000017638F06850 (11 bytes)
1783119216.500933 sending message 112 to peer 0000017638F06850 (69 bytes)
1783119216.500933 sending message 112 to peer 0000017638F06850 (70 bytes)
1783119216.500933 sending message 112 to peer 0000017638F06850 (12 bytes)
1783119216.500933 sending message 112 to peer 0000017638F06850 (13 bytes)
1783119216.500933 sending message 112 to peer 0000017638F06850 (19 bytes)
1783119216.500933 sending message 112 to peer 0000017638F06850 (16 bytes)
1783119216.500933 sending message 112 to peer 0000017638F06850 (24 bytes)
1783119216.500933 sending message 112 to peer 0000017638F06850 (24 bytes)
1783119216.500933 sending message 112 to peer 0000017638F06850 (13 bytes)
1783119216.500933 sending message 112 to peer 0000017638F06850 (13 bytes)
1783119216.500933 sending message 112 to peer 0000017638F06850 (5 bytes)
1783119216.500933 sending message 112 to peer 0000017638F06850 (9 bytes)
1783119216.500933 sending message 112 to peer 0000017638F06850 (7 bytes)
1783119216.500933 sending message 112 to peer 0000017638F06850 (6 bytes)
1783119216.500933 sending message 112 to peer 0000017638F06850 (5 bytes)
1783119216.500933 sending message 112 to peer 0000017638F06850 (8 bytes)
1783119216.500933 sending message 112 to peer 0000017638F06850 (7 bytes)
1783119216.500933 sending message 112 to peer 0000017638F06850 (10 bytes)
1783119216.500933 sending message 112 to peer 0000017638F06850 (10 bytes)
1783119216.500933 sending message 112 to peer 0000017638F06850 (58 bytes)
1783119216.500933 sending message 112 to peer 0000017638F06850 (9 bytes)
1783119216.500933 sending message 112 to peer 0000017638F06850 (6 bytes)
1783119216.500933 sending message 112 to peer 0000017638F06850 (10 bytes)
1783119216.500933 sending message 112 to peer 0000017638F06850 (10 bytes)
1783119216.500933 sending message 112 to peer 0000017638F06850 (10 bytes)
1783119216.500933 sending message 112 to peer 0000017638F06850 (10 bytes)
1783119216.500933 sending message 112 to peer 0000017638F06850 (6 bytes)
1783119216.500933 sending message 112 to peer 0000017638F06850 (11 bytes)
1783119216.500933 sending message 112 to peer 0000017638F06850 (10 bytes)
1783119216.500933 sending message 112 to peer 0000017638F06850 (9 bytes)
1783119216.500933 sending message 112 to peer 0000017638F06850 (9 bytes)
1783119216.500933 sending message 112 to peer 0000017638F06850 (9 bytes)
1783119216.500933 sending message 112 to peer 0000017638F06850 (11 bytes)
1783119216.500933 sending message 112 to peer 0000017638F06850 (9 bytes)
1783119216.500933 sending message 112 to peer 0000017638F06850 (8 bytes)
1783119216.500933 sending message 112 to peer 0000017638F06850 (8 bytes)
1783119216.500933 sending message 112 to peer 0000017638F06850 (8 bytes)
1783119216.500933 sending message 112 to peer 0000017638F06850 (8 bytes)
1783119216.500933 sending message 112 to peer 0000017638F06850 (10 bytes)
1783119216.500933 sending message 112 to peer 0000017638F06850 (10 bytes)
1783119216.500933 sending message 112 to peer 0000017638F06850 (10 bytes)
1783119216.500933 sending message 112 to peer 0000017638F06850 (10 bytes)
1783119216.500933 sending message 112 to peer 0000017638F06850 (10 bytes)
1783119216.500933 sending message 112 to peer 0000017638F06850 (11 bytes)
1783119216.500933 sending message 112 to peer 0000017638F06850 (11 bytes)
1783119216.502439 sending message 112 to peer 0000017638F06850 (11 bytes)
1783119216.502439 sending message 112 to peer 0000017638F06850 (14 bytes)
1783119216.502439 sending message 112 to peer 0000017638F06850 (14 bytes)
1783119216.502439 sending message 112 to peer 0000017638F06850 (14 bytes)
1783119216.502439 sending message 112 to peer 0000017638F06850 (14 bytes)
1783119216.502439 sending message 112 to peer 0000017638F06850 (15 bytes)
1783119216.502439 sending message 112 to peer 0000017638F06850 (15 bytes)
1783119216.502439 sending message 112 to peer 0000017638F06850 (13 bytes)
1783119216.502439 sending message 112 to peer 0000017638F06850 (9 bytes)
1783119216.502439 sending message 112 to peer 0000017638F06850 (21 bytes)
1783119216.502439 sending message 112 to peer 0000017638F06850 (9 bytes)
1783119216.502439 sending message 112 to peer 0000017638F06850 (12 bytes)
1783119216.502439 sending message 112 to peer 0000017638F06850 (12 bytes)
1783119216.502439 sending message 112 to peer 0000017638F06850 (22 bytes)
1783119216.502984 sending message 104 to peer 0000017638F06850 (0 bytes)
1783119216.502984 sending message 110 to peer 0000017638F06850 (0 bytes)
1783119216.502984 sending message 113 to peer 0000017638F06850 (65 bytes)
1783119216.502984 sending message 107 to peer 0000017638F06850 (4 bytes)
1783119216.502984 sending message 105 to peer 0000017638F06850 (8 bytes)
1783119216.502984 sending message 105 to peer 0000017638F06850 (31 bytes)
1783119216.502984 sending message 105 to peer 0000017638F06850 (39 bytes)
1783119216.502984 sending message 105 to peer 0000017638F06850 (49 bytes)
1783119216.502984 sending message 105 to peer 0000017638F06850 (60 bytes)
1783119216.502984 sending message 105 to peer 0000017638F06850 (49 bytes)
1783119216.502984 sending message 105 to peer 0000017638F06850 (29 bytes)
1783119216.502984 sending message 105 to peer 0000017638F06850 (36 bytes)
1783119216.502984 sending message 105 to peer 0000017638F06850 (50 bytes)
1783119216.502984 sending message 105 to peer 0000017638F06850 (13 bytes)
1783119216.502984 sending message 105 to peer 0000017638F06850 (22 bytes)
1783119216.502984 sending message 105 to peer 0000017638F06850 (42 bytes)
1783119216.502984 sending message 105 to peer 0000017638F06850 (30 bytes)
1783119216.502984 sending message 105 to peer 0000017638F06850 (24 bytes)
1783119216.502984 sending message 105 to peer 0000017638F06850 (42 bytes)
1783119216.502984 sending message 105 to peer 0000017638F06850 (28 bytes)
1783119216.502984 sending message 105 to peer 0000017638F06850 (33 bytes)
1783119216.502984 sending message 105 to peer 0000017638F06850 (11 bytes)
1783119216.502984 sending message 105 to peer 0000017638F06850 (20 bytes)
1783119216.502984 sending message 105 to peer 0000017638F06850 (29 bytes)
1783119216.502984 sending message 105 to peer 0000017638F06850 (53 bytes)
1783119216.502984 sending message 105 to peer 0000017638F06850 (14 bytes)
1783119216.502984 sending message 105 to peer 0000017638F06850 (1640 bytes)
1783119216.502984 sending message 105 to peer 0000017638F06850 (67 bytes)
1783119216.502984 sending message 105 to peer 0000017638F06850 (29 bytes)
1783119216.502984 sending message 105 to peer 0000017638F06850 (73 bytes)
1783119216.502984 sending message 105 to peer 0000017638F06850 (18 bytes)
1783119216.503989 sending message 105 to peer 0000017638F06850 (24 bytes)
1783119216.503989 sending message 105 to peer 0000017638F06850 (27 bytes)
1783119216.503989 sending message 105 to peer 0000017638F06850 (30 bytes)
1783119216.503989 sending message 105 to peer 0000017638F06850 (41 bytes)
1783119216.503989 sending message 105 to peer 0000017638F06850 (30 bytes)
1783119216.503989 sending message 105 to peer 0000017638F06850 (387 bytes)
1783119216.503989 sending message 105 to peer 0000017638F06850 (23 bytes)
1783119216.503989 sending message 105 to peer 0000017638F06850 (20 bytes)
1783119216.503989 sending message 105 to peer 0000017638F06850 (15 bytes)
1783119216.503989 sending message 105 to peer 0000017638F06850 (22 bytes)
1783119216.503989 sending message 105 to peer 0000017638F06850 (39 bytes)
1783119216.503989 sending message 105 to peer 0000017638F06850 (38 bytes)
1783119216.503989 sending message 105 to peer 0000017638F06850 (27 bytes)
1783119216.503989 sending message 105 to peer 0000017638F06850 (42 bytes)
1783119216.503989 sending message 105 to peer 0000017638F06850 (15 bytes)
1783119216.503989 sending message 105 to peer 0000017638F06850 (27 bytes)
1783119216.503989 sending message 105 to peer 0000017638F06850 (82 bytes)
1783119216.503989 sending message 105 to peer 0000017638F06850 (18 bytes)
1783119216.503989 sending message 105 to peer 0000017638F06850 (33 bytes)
1783119216.503989 sending message 105 to peer 0000017638F06850 (73 bytes)
1783119216.503989 sending message 105 to peer 0000017638F06850 (53 bytes)
1783119216.503989 sending message 105 to peer 0000017638F06850 (48 bytes)
1783119216.503989 sending message 105 to peer 0000017638F06850 (20 bytes)
1783119216.503989 sending message 106 to peer 0000017638F06850 (0 bytes)
1783119216.503989 sending message 208 to peer 0000017638F06850 (8 bytes)
1783119216.505990 cmd_pack_argv: argv[0]=new-session
1783119216.505990 cmd_pack_argv: argv[1]=-d
1783119216.505990 cmd_pack_argv: argv[2]=-s
1783119216.505990 cmd_pack_argv: argv[3]=test
1783119216.505990 sending message 200 to peer 0000017638F06850 (27 bytes)
1783119216.505990 client loop enter
1783119216.554556 peer 0000017638F06850 message 203
1783119216.554556 client loop exit
