1783124758.647969 client started (204112): version 3.7b-win32, socket tmux-danie-default, protocol 8
1783124758.647969 on Windows 10 Native
1783124758.647969 using libevent 2.2.0-alpha-dev win32
1783124758.649968 flags are 0x18010000
1783124758.649968 connecting to server label tmux-danie-default
1783124758.649968 connect failed, starting server
1783124758.756810 server connected after 1 retries
1783124758.756810 add peer 000001A3E1010540: 456 (0000000000000000)
1783124758.758162 sending message 111 to peer 000001A3E1010540 (8 bytes)
1783124758.759170 sending message 111 to peer 000001A3E1010540 (8 bytes)
1783124758.759170 sending message 101 to peer 000001A3E1010540 (15 bytes)
1783124758.759170 sending message 109 to peer 000001A3E1010540 (4 bytes)
1783124758.759170 sending message 102 to peer 000001A3E1010540 (4 bytes)
1783124758.759170 sending message 108 to peer 000001A3E1010540 (28 bytes)
1783124758.759170 sending message 112 to peer 000001A3E1010540 (5 bytes)
1783124758.759170 sending message 112 to peer 000001A3E1010540 (6 bytes)
1783124758.759170 sending message 112 to peer 000001A3E1010540 (5 bytes)
1783124758.759170 sending message 112 to peer 000001A3E1010540 (5 bytes)
1783124758.759170 sending message 112 to peer 000001A3E1010540 (6 bytes)
1783124758.759170 sending message 112 to peer 000001A3E1010540 (7 bytes)
1783124758.759170 sending message 112 to peer 000001A3E1010540 (11 bytes)
1783124758.759170 sending message 112 to peer 000001A3E1010540 (8 bytes)
1783124758.759170 sending message 112 to peer 000001A3E1010540 (9 bytes)
1783124758.759170 sending message 112 to peer 000001A3E1010540 (12 bytes)
1783124758.759170 sending message 112 to peer 000001A3E1010540 (21 bytes)
1783124758.759170 sending message 112 to peer 000001A3E1010540 (7 bytes)
1783124758.759170 sending message 112 to peer 000001A3E1010540 (13 bytes)
1783124758.759170 sending message 112 to peer 000001A3E1010540 (7 bytes)
1783124758.759170 sending message 112 to peer 000001A3E1010540 (13 bytes)
1783124758.759170 sending message 112 to peer 000001A3E1010540 (9 bytes)
1783124758.759170 sending message 112 to peer 000001A3E1010540 (13 bytes)
1783124758.759170 sending message 112 to peer 000001A3E1010540 (9 bytes)
1783124758.759170 sending message 112 to peer 000001A3E1010540 (13 bytes)
1783124758.759170 sending message 112 to peer 000001A3E1010540 (9 bytes)
1783124758.759170 sending message 112 to peer 000001A3E1010540 (15 bytes)
1783124758.759170 sending message 112 to peer 000001A3E1010540 (21 bytes)
1783124758.759170 sending message 112 to peer 000001A3E1010540 (14 bytes)
1783124758.759170 sending message 112 to peer 000001A3E1010540 (6 bytes)
1783124758.760171 sending message 112 to peer 000001A3E1010540 (6 bytes)
1783124758.760171 sending message 112 to peer 000001A3E1010540 (13 bytes)
1783124758.760171 sending message 112 to peer 000001A3E1010540 (14 bytes)
1783124758.760171 sending message 112 to peer 000001A3E1010540 (7 bytes)
1783124758.760171 sending message 112 to peer 000001A3E1010540 (7 bytes)
1783124758.760171 sending message 112 to peer 000001A3E1010540 (9 bytes)
1783124758.760171 sending message 112 to peer 000001A3E1010540 (13 bytes)
1783124758.760171 sending message 112 to peer 000001A3E1010540 (9 bytes)
1783124758.760171 sending message 112 to peer 000001A3E1010540 (13 bytes)
1783124758.760171 sending message 112 to peer 000001A3E1010540 (8 bytes)
1783124758.760171 sending message 112 to peer 000001A3E1010540 (12 bytes)
1783124758.760171 sending message 112 to peer 000001A3E1010540 (13 bytes)
1783124758.760171 sending message 112 to peer 000001A3E1010540 (8 bytes)
1783124758.760171 sending message 112 to peer 000001A3E1010540 (12 bytes)
1783124758.760171 sending message 112 to peer 000001A3E1010540 (10 bytes)
1783124758.760171 sending message 112 to peer 000001A3E1010540 (9 bytes)
1783124758.760171 sending message 112 to peer 000001A3E1010540 (10 bytes)
1783124758.760171 sending message 112 to peer 000001A3E1010540 (10 bytes)
1783124758.760171 sending message 112 to peer 000001A3E1010540 (11 bytes)
1783124758.760171 sending message 112 to peer 000001A3E1010540 (9 bytes)
1783124758.760171 sending message 112 to peer 000001A3E1010540 (11 bytes)
1783124758.760171 sending message 112 to peer 000001A3E1010540 (10 bytes)
1783124758.760171 sending message 112 to peer 000001A3E1010540 (12 bytes)
1783124758.760171 sending message 112 to peer 000001A3E1010540 (11 bytes)
1783124758.760171 sending message 112 to peer 000001A3E1010540 (11 bytes)
1783124758.760171 sending message 112 to peer 000001A3E1010540 (11 bytes)
1783124758.760171 sending message 112 to peer 000001A3E1010540 (69 bytes)
1783124758.761169 sending message 112 to peer 000001A3E1010540 (70 bytes)
1783124758.761169 sending message 112 to peer 000001A3E1010540 (12 bytes)
1783124758.761169 sending message 112 to peer 000001A3E1010540 (13 bytes)
1783124758.761169 sending message 112 to peer 000001A3E1010540 (19 bytes)
1783124758.761169 sending message 112 to peer 000001A3E1010540 (16 bytes)
1783124758.761169 sending message 112 to peer 000001A3E1010540 (24 bytes)
1783124758.761169 sending message 112 to peer 000001A3E1010540 (24 bytes)
1783124758.761169 sending message 112 to peer 000001A3E1010540 (13 bytes)
1783124758.761169 sending message 112 to peer 000001A3E1010540 (13 bytes)
1783124758.761169 sending message 112 to peer 000001A3E1010540 (5 bytes)
1783124758.761169 sending message 112 to peer 000001A3E1010540 (9 bytes)
1783124758.761169 sending message 112 to peer 000001A3E1010540 (7 bytes)
1783124758.761169 sending message 112 to peer 000001A3E1010540 (6 bytes)
1783124758.761169 sending message 112 to peer 000001A3E1010540 (5 bytes)
1783124758.761169 sending message 112 to peer 000001A3E1010540 (8 bytes)
1783124758.761169 sending message 112 to peer 000001A3E1010540 (7 bytes)
1783124758.761169 sending message 112 to peer 000001A3E1010540 (10 bytes)
1783124758.761169 sending message 112 to peer 000001A3E1010540 (10 bytes)
1783124758.761169 sending message 112 to peer 000001A3E1010540 (58 bytes)
1783124758.761169 sending message 112 to peer 000001A3E1010540 (9 bytes)
1783124758.761169 sending message 112 to peer 000001A3E1010540 (6 bytes)
1783124758.761169 sending message 112 to peer 000001A3E1010540 (10 bytes)
1783124758.761169 sending message 112 to peer 000001A3E1010540 (10 bytes)
1783124758.761169 sending message 112 to peer 000001A3E1010540 (10 bytes)
1783124758.761169 sending message 112 to peer 000001A3E1010540 (10 bytes)
1783124758.761169 sending message 112 to peer 000001A3E1010540 (6 bytes)
1783124758.761169 sending message 112 to peer 000001A3E1010540 (11 bytes)
1783124758.761169 sending message 112 to peer 000001A3E1010540 (10 bytes)
1783124758.761169 sending message 112 to peer 000001A3E1010540 (9 bytes)
1783124758.762169 sending message 112 to peer 000001A3E1010540 (9 bytes)
1783124758.762169 sending message 112 to peer 000001A3E1010540 (9 bytes)
1783124758.762169 sending message 112 to peer 000001A3E1010540 (11 bytes)
1783124758.762169 sending message 112 to peer 000001A3E1010540 (9 bytes)
1783124758.762169 sending message 112 to peer 000001A3E1010540 (8 bytes)
1783124758.762169 sending message 112 to peer 000001A3E1010540 (8 bytes)
1783124758.762169 sending message 112 to peer 000001A3E1010540 (8 bytes)
1783124758.762169 sending message 112 to peer 000001A3E1010540 (8 bytes)
1783124758.762169 sending message 112 to peer 000001A3E1010540 (10 bytes)
1783124758.762169 sending message 112 to peer 000001A3E1010540 (10 bytes)
1783124758.762169 sending message 112 to peer 000001A3E1010540 (10 bytes)
1783124758.762169 sending message 112 to peer 000001A3E1010540 (10 bytes)
1783124758.762169 sending message 112 to peer 000001A3E1010540 (10 bytes)
1783124758.762169 sending message 112 to peer 000001A3E1010540 (11 bytes)
1783124758.762169 sending message 112 to peer 000001A3E1010540 (11 bytes)
1783124758.762169 sending message 112 to peer 000001A3E1010540 (11 bytes)
1783124758.762169 sending message 112 to peer 000001A3E1010540 (14 bytes)
1783124758.762169 sending message 112 to peer 000001A3E1010540 (14 bytes)
1783124758.762169 sending message 112 to peer 000001A3E1010540 (14 bytes)
1783124758.762169 sending message 112 to peer 000001A3E1010540 (14 bytes)
1783124758.762169 sending message 112 to peer 000001A3E1010540 (15 bytes)
1783124758.762169 sending message 112 to peer 000001A3E1010540 (15 bytes)
1783124758.762169 sending message 112 to peer 000001A3E1010540 (13 bytes)
1783124758.762169 sending message 112 to peer 000001A3E1010540 (9 bytes)
1783124758.762169 sending message 112 to peer 000001A3E1010540 (21 bytes)
1783124758.762169 sending message 112 to peer 000001A3E1010540 (9 bytes)
1783124758.762169 sending message 112 to peer 000001A3E1010540 (12 bytes)
1783124758.762169 sending message 112 to peer 000001A3E1010540 (12 bytes)
1783124758.762169 sending message 112 to peer 000001A3E1010540 (22 bytes)
1783124758.763168 sending message 104 to peer 000001A3E1010540 (0 bytes)
1783124758.763168 sending message 110 to peer 000001A3E1010540 (0 bytes)
1783124758.763168 sending message 113 to peer 000001A3E1010540 (65 bytes)
1783124758.763168 sending message 107 to peer 000001A3E1010540 (4 bytes)
1783124758.763168 sending message 105 to peer 000001A3E1010540 (95 bytes)
1783124758.763168 sending message 105 to peer 000001A3E1010540 (31 bytes)
1783124758.763168 sending message 105 to peer 000001A3E1010540 (39 bytes)
1783124758.763168 sending message 105 to peer 000001A3E1010540 (49 bytes)
1783124758.763168 sending message 105 to peer 000001A3E1010540 (29 bytes)
1783124758.763168 sending message 105 to peer 000001A3E1010540 (36 bytes)
1783124758.763168 sending message 105 to peer 000001A3E1010540 (49 bytes)
1783124758.763168 sending message 105 to peer 000001A3E1010540 (60 bytes)
1783124758.763168 sending message 105 to peer 000001A3E1010540 (49 bytes)
1783124758.763168 sending message 105 to peer 000001A3E1010540 (28 bytes)
1783124758.763168 sending message 105 to peer 000001A3E1010540 (50 bytes)
1783124758.763168 sending message 105 to peer 000001A3E1010540 (33 bytes)
1783124758.763168 sending message 105 to peer 000001A3E1010540 (25 bytes)
1783124758.763168 sending message 105 to peer 000001A3E1010540 (20 bytes)
1783124758.763168 sending message 105 to peer 000001A3E1010540 (13 bytes)
1783124758.763168 sending message 105 to peer 000001A3E1010540 (22 bytes)
1783124758.763168 sending message 105 to peer 000001A3E1010540 (25 bytes)
1783124758.763168 sending message 105 to peer 000001A3E1010540 (223 bytes)
1783124758.763168 sending message 105 to peer 000001A3E1010540 (17 bytes)
1783124758.763168 sending message 105 to peer 000001A3E1010540 (42 bytes)
1783124758.763168 sending message 105 to peer 000001A3E1010540 (30 bytes)
1783124758.763168 sending message 105 to peer 000001A3E1010540 (216 bytes)
1783124758.763168 sending message 105 to peer 000001A3E1010540 (31 bytes)
1783124758.763168 sending message 105 to peer 000001A3E1010540 (38 bytes)
1783124758.763168 sending message 105 to peer 000001A3E1010540 (42 bytes)
1783124758.763168 sending message 105 to peer 000001A3E1010540 (16 bytes)
1783124758.764173 sending message 105 to peer 000001A3E1010540 (21 bytes)
1783124758.764173 sending message 105 to peer 000001A3E1010540 (33 bytes)
1783124758.764173 sending message 105 to peer 000001A3E1010540 (44 bytes)
1783124758.764173 sending message 105 to peer 000001A3E1010540 (24 bytes)
1783124758.764173 sending message 105 to peer 000001A3E1010540 (42 bytes)
1783124758.764173 sending message 105 to peer 000001A3E1010540 (28 bytes)
1783124758.764173 sending message 105 to peer 000001A3E1010540 (22 bytes)
1783124758.764173 sending message 105 to peer 000001A3E1010540 (1718 bytes)
1783124758.764173 sending message 105 to peer 000001A3E1010540 (48 bytes)
1783124758.764173 sending message 105 to peer 000001A3E1010540 (47 bytes)
1783124758.764173 sending message 105 to peer 000001A3E1010540 (14 bytes)
1783124758.764173 sending message 105 to peer 000001A3E1010540 (33 bytes)
1783124758.764173 sending message 105 to peer 000001A3E1010540 (1934 bytes)
1783124758.764173 sending message 105 to peer 000001A3E1010540 (62 bytes)
1783124758.764173 sending message 105 to peer 000001A3E1010540 (104 bytes)
1783124758.764173 sending message 105 to peer 000001A3E1010540 (68 bytes)
1783124758.764173 sending message 105 to peer 000001A3E1010540 (64 bytes)
1783124758.764173 sending message 105 to peer 000001A3E1010540 (19 bytes)
1783124758.764173 sending message 105 to peer 000001A3E1010540 (29 bytes)
1783124758.764173 sending message 105 to peer 000001A3E1010540 (73 bytes)
1783124758.764173 sending message 105 to peer 000001A3E1010540 (18 bytes)
1783124758.764173 sending message 105 to peer 000001A3E1010540 (24 bytes)
1783124758.764173 sending message 105 to peer 000001A3E1010540 (30 bytes)
1783124758.764173 sending message 105 to peer 000001A3E1010540 (130 bytes)
1783124758.764173 sending message 105 to peer 000001A3E1010540 (147 bytes)
1783124758.764173 sending message 105 to peer 000001A3E1010540 (23 bytes)
1783124758.764173 sending message 105 to peer 000001A3E1010540 (32 bytes)
1783124758.764173 sending message 105 to peer 000001A3E1010540 (27 bytes)
1783124758.764173 sending message 105 to peer 000001A3E1010540 (41 bytes)
1783124758.764173 sending message 105 to peer 000001A3E1010540 (30 bytes)
1783124758.764173 sending message 105 to peer 000001A3E1010540 (20 bytes)
1783124758.764173 sending message 105 to peer 000001A3E1010540 (44 bytes)
1783124758.764173 sending message 105 to peer 000001A3E1010540 (8 bytes)
1783124758.764173 sending message 105 to peer 000001A3E1010540 (61 bytes)
1783124758.764173 sending message 105 to peer 000001A3E1010540 (15 bytes)
1783124758.764173 sending message 105 to peer 000001A3E1010540 (22 bytes)
1783124758.764173 sending message 105 to peer 000001A3E1010540 (39 bytes)
1783124758.764173 sending message 105 to peer 000001A3E1010540 (20 bytes)
1783124758.764173 sending message 105 to peer 000001A3E1010540 (38 bytes)
1783124758.764173 sending message 105 to peer 000001A3E1010540 (41 bytes)
1783124758.764173 sending message 105 to peer 000001A3E1010540 (27 bytes)
1783124758.764173 sending message 105 to peer 000001A3E1010540 (42 bytes)
1783124758.764173 sending message 105 to peer 000001A3E1010540 (15 bytes)
1783124758.764173 sending message 105 to peer 000001A3E1010540 (27 bytes)
1783124758.764173 sending message 105 to peer 000001A3E1010540 (82 bytes)
1783124758.765675 sending message 105 to peer 000001A3E1010540 (18 bytes)
1783124758.765675 sending message 105 to peer 000001A3E1010540 (33 bytes)
1783124758.765675 sending message 105 to peer 000001A3E1010540 (73 bytes)
1783124758.765675 sending message 105 to peer 000001A3E1010540 (53 bytes)
1783124758.765675 sending message 105 to peer 000001A3E1010540 (48 bytes)
1783124758.765675 sending message 105 to peer 000001A3E1010540 (20 bytes)
1783124758.765675 sending message 105 to peer 000001A3E1010540 (25 bytes)
1783124758.765675 sending message 106 to peer 000001A3E1010540 (0 bytes)
1783124758.765675 sending message 208 to peer 000001A3E1010540 (8 bytes)
1783124758.766679 cmd_pack_argv: argv[0]=new
1783124758.766679 cmd_pack_argv: argv[1]=-s
1783124758.766679 cmd_pack_argv: argv[2]=test
1783124758.766679 sending message 200 to peer 000001A3E1010540 (16 bytes)
1783124758.768184 client loop enter
1783124758.788340 peer 000001A3E1010540 message 207
1783124758.788340 sending message 208 to peer 000001A3E1010540 (0 bytes)
1783124886.559371 peer 000001A3E1010540 message 203
1783124886.559371 sending message 205 to peer 000001A3E1010540 (0 bytes)
1783124886.559371 peer 000001A3E1010540 message 204
1783124886.559371 client loop exit
