1783125052.376144 client started (204124): version 3.7b-win32, socket tmux-danie-default, protocol 8
1783125052.378144 on Windows 10 Native
1783125052.378144 using libevent 2.2.0-alpha-dev win32
1783125052.379146 flags are 0x18010000
1783125052.379146 connecting to server label tmux-danie-default
1783125052.379146 connect failed, starting server
1783125052.594774 server connected after 2 retries
1783125052.594774 add peer 00000210780A56E0: 456 (0000000000000000)
1783125052.596346 sending message 111 to peer 00000210780A56E0 (8 bytes)
1783125052.596346 sending message 111 to peer 00000210780A56E0 (8 bytes)
1783125052.596346 sending message 101 to peer 00000210780A56E0 (15 bytes)
1783125052.596346 sending message 109 to peer 00000210780A56E0 (4 bytes)
1783125052.596346 sending message 102 to peer 00000210780A56E0 (4 bytes)
1783125052.596346 sending message 108 to peer 00000210780A56E0 (28 bytes)
1783125052.596346 sending message 112 to peer 00000210780A56E0 (5 bytes)
1783125052.596346 sending message 112 to peer 00000210780A56E0 (6 bytes)
1783125052.596346 sending message 112 to peer 00000210780A56E0 (5 bytes)
1783125052.596346 sending message 112 to peer 00000210780A56E0 (5 bytes)
1783125052.596346 sending message 112 to peer 00000210780A56E0 (6 bytes)
1783125052.596346 sending message 112 to peer 00000210780A56E0 (7 bytes)
1783125052.596881 sending message 112 to peer 00000210780A56E0 (11 bytes)
1783125052.596881 sending message 112 to peer 00000210780A56E0 (8 bytes)
1783125052.596881 sending message 112 to peer 00000210780A56E0 (9 bytes)
1783125052.596881 sending message 112 to peer 00000210780A56E0 (12 bytes)
1783125052.596881 sending message 112 to peer 00000210780A56E0 (21 bytes)
1783125052.596881 sending message 112 to peer 00000210780A56E0 (7 bytes)
1783125052.596881 sending message 112 to peer 00000210780A56E0 (13 bytes)
1783125052.596881 sending message 112 to peer 00000210780A56E0 (7 bytes)
1783125052.596881 sending message 112 to peer 00000210780A56E0 (13 bytes)
1783125052.596881 sending message 112 to peer 00000210780A56E0 (9 bytes)
1783125052.596881 sending message 112 to peer 00000210780A56E0 (13 bytes)
1783125052.596881 sending message 112 to peer 00000210780A56E0 (9 bytes)
1783125052.596881 sending message 112 to peer 00000210780A56E0 (13 bytes)
1783125052.596881 sending message 112 to peer 00000210780A56E0 (9 bytes)
1783125052.596881 sending message 112 to peer 00000210780A56E0 (15 bytes)
1783125052.596881 sending message 112 to peer 00000210780A56E0 (21 bytes)
1783125052.596881 sending message 112 to peer 00000210780A56E0 (14 bytes)
1783125052.596881 sending message 112 to peer 00000210780A56E0 (6 bytes)
1783125052.596881 sending message 112 to peer 00000210780A56E0 (6 bytes)
1783125052.596881 sending message 112 to peer 00000210780A56E0 (13 bytes)
1783125052.596881 sending message 112 to peer 00000210780A56E0 (14 bytes)
1783125052.596881 sending message 112 to peer 00000210780A56E0 (7 bytes)
1783125052.596881 sending message 112 to peer 00000210780A56E0 (7 bytes)
1783125052.596881 sending message 112 to peer 00000210780A56E0 (9 bytes)
1783125052.596881 sending message 112 to peer 00000210780A56E0 (13 bytes)
1783125052.596881 sending message 112 to peer 00000210780A56E0 (9 bytes)
1783125052.596881 sending message 112 to peer 00000210780A56E0 (13 bytes)
1783125052.596881 sending message 112 to peer 00000210780A56E0 (8 bytes)
1783125052.596881 sending message 112 to peer 00000210780A56E0 (12 bytes)
1783125052.597417 sending message 112 to peer 00000210780A56E0 (13 bytes)
1783125052.597417 sending message 112 to peer 00000210780A56E0 (8 bytes)
1783125052.597417 sending message 112 to peer 00000210780A56E0 (12 bytes)
1783125052.597417 sending message 112 to peer 00000210780A56E0 (10 bytes)
1783125052.597417 sending message 112 to peer 00000210780A56E0 (9 bytes)
1783125052.597417 sending message 112 to peer 00000210780A56E0 (10 bytes)
1783125052.597417 sending message 112 to peer 00000210780A56E0 (10 bytes)
1783125052.597417 sending message 112 to peer 00000210780A56E0 (11 bytes)
1783125052.597417 sending message 112 to peer 00000210780A56E0 (9 bytes)
1783125052.597417 sending message 112 to peer 00000210780A56E0 (11 bytes)
1783125052.597417 sending message 112 to peer 00000210780A56E0 (10 bytes)
1783125052.597417 sending message 112 to peer 00000210780A56E0 (12 bytes)
1783125052.597417 sending message 112 to peer 00000210780A56E0 (11 bytes)
1783125052.597417 sending message 112 to peer 00000210780A56E0 (11 bytes)
1783125052.597417 sending message 112 to peer 00000210780A56E0 (11 bytes)
1783125052.597417 sending message 112 to peer 00000210780A56E0 (69 bytes)
1783125052.597417 sending message 112 to peer 00000210780A56E0 (70 bytes)
1783125052.597417 sending message 112 to peer 00000210780A56E0 (12 bytes)
1783125052.597417 sending message 112 to peer 00000210780A56E0 (13 bytes)
1783125052.597417 sending message 112 to peer 00000210780A56E0 (19 bytes)
1783125052.597417 sending message 112 to peer 00000210780A56E0 (16 bytes)
1783125052.597417 sending message 112 to peer 00000210780A56E0 (24 bytes)
1783125052.597417 sending message 112 to peer 00000210780A56E0 (24 bytes)
1783125052.597417 sending message 112 to peer 00000210780A56E0 (13 bytes)
1783125052.597417 sending message 112 to peer 00000210780A56E0 (13 bytes)
1783125052.597940 sending message 112 to peer 00000210780A56E0 (5 bytes)
1783125052.597940 sending message 112 to peer 00000210780A56E0 (9 bytes)
1783125052.597940 sending message 112 to peer 00000210780A56E0 (7 bytes)
1783125052.597940 sending message 112 to peer 00000210780A56E0 (6 bytes)
1783125052.597940 sending message 112 to peer 00000210780A56E0 (5 bytes)
1783125052.597940 sending message 112 to peer 00000210780A56E0 (8 bytes)
1783125052.597940 sending message 112 to peer 00000210780A56E0 (7 bytes)
1783125052.597940 sending message 112 to peer 00000210780A56E0 (10 bytes)
1783125052.597940 sending message 112 to peer 00000210780A56E0 (10 bytes)
1783125052.597940 sending message 112 to peer 00000210780A56E0 (58 bytes)
1783125052.597940 sending message 112 to peer 00000210780A56E0 (9 bytes)
1783125052.597940 sending message 112 to peer 00000210780A56E0 (6 bytes)
1783125052.597940 sending message 112 to peer 00000210780A56E0 (10 bytes)
1783125052.597940 sending message 112 to peer 00000210780A56E0 (10 bytes)
1783125052.597940 sending message 112 to peer 00000210780A56E0 (10 bytes)
1783125052.597940 sending message 112 to peer 00000210780A56E0 (10 bytes)
1783125052.597940 sending message 112 to peer 00000210780A56E0 (6 bytes)
1783125052.597940 sending message 112 to peer 00000210780A56E0 (11 bytes)
1783125052.597940 sending message 112 to peer 00000210780A56E0 (10 bytes)
1783125052.597940 sending message 112 to peer 00000210780A56E0 (9 bytes)
1783125052.597940 sending message 112 to peer 00000210780A56E0 (9 bytes)
1783125052.597940 sending message 112 to peer 00000210780A56E0 (9 bytes)
1783125052.597940 sending message 112 to peer 00000210780A56E0 (11 bytes)
1783125052.597940 sending message 112 to peer 00000210780A56E0 (9 bytes)
1783125052.597940 sending message 112 to peer 00000210780A56E0 (8 bytes)
1783125052.597940 sending message 112 to peer 00000210780A56E0 (8 bytes)
1783125052.597940 sending message 112 to peer 00000210780A56E0 (8 bytes)
1783125052.597940 sending message 112 to peer 00000210780A56E0 (8 bytes)
1783125052.597940 sending message 112 to peer 00000210780A56E0 (10 bytes)
1783125052.598482 sending message 112 to peer 00000210780A56E0 (10 bytes)
1783125052.598482 sending message 112 to peer 00000210780A56E0 (10 bytes)
1783125052.598482 sending message 112 to peer 00000210780A56E0 (10 bytes)
1783125052.598482 sending message 112 to peer 00000210780A56E0 (10 bytes)
1783125052.598482 sending message 112 to peer 00000210780A56E0 (11 bytes)
1783125052.598482 sending message 112 to peer 00000210780A56E0 (11 bytes)
1783125052.598482 sending message 112 to peer 00000210780A56E0 (11 bytes)
1783125052.598482 sending message 112 to peer 00000210780A56E0 (14 bytes)
1783125052.598482 sending message 112 to peer 00000210780A56E0 (14 bytes)
1783125052.598482 sending message 112 to peer 00000210780A56E0 (14 bytes)
1783125052.598482 sending message 112 to peer 00000210780A56E0 (14 bytes)
1783125052.598482 sending message 112 to peer 00000210780A56E0 (15 bytes)
1783125052.598482 sending message 112 to peer 00000210780A56E0 (15 bytes)
1783125052.598482 sending message 112 to peer 00000210780A56E0 (13 bytes)
1783125052.598482 sending message 112 to peer 00000210780A56E0 (9 bytes)
1783125052.598482 sending message 112 to peer 00000210780A56E0 (21 bytes)
1783125052.598482 sending message 112 to peer 00000210780A56E0 (9 bytes)
1783125052.598482 sending message 112 to peer 00000210780A56E0 (12 bytes)
1783125052.598482 sending message 112 to peer 00000210780A56E0 (12 bytes)
1783125052.598482 sending message 112 to peer 00000210780A56E0 (22 bytes)
1783125052.598482 sending message 104 to peer 00000210780A56E0 (0 bytes)
1783125052.598482 sending message 110 to peer 00000210780A56E0 (0 bytes)
1783125052.598482 sending message 113 to peer 00000210780A56E0 (65 bytes)
1783125052.598482 sending message 107 to peer 00000210780A56E0 (4 bytes)
1783125052.598482 sending message 105 to peer 00000210780A56E0 (95 bytes)
1783125052.598482 sending message 105 to peer 00000210780A56E0 (31 bytes)
1783125052.598482 sending message 105 to peer 00000210780A56E0 (39 bytes)
1783125052.599015 sending message 105 to peer 00000210780A56E0 (49 bytes)
1783125052.599015 sending message 105 to peer 00000210780A56E0 (29 bytes)
1783125052.599015 sending message 105 to peer 00000210780A56E0 (36 bytes)
1783125052.599015 sending message 105 to peer 00000210780A56E0 (49 bytes)
1783125052.599015 sending message 105 to peer 00000210780A56E0 (60 bytes)
1783125052.599015 sending message 105 to peer 00000210780A56E0 (49 bytes)
1783125052.599015 sending message 105 to peer 00000210780A56E0 (28 bytes)
1783125052.599015 sending message 105 to peer 00000210780A56E0 (50 bytes)
1783125052.599015 sending message 105 to peer 00000210780A56E0 (33 bytes)
1783125052.599015 sending message 105 to peer 00000210780A56E0 (25 bytes)
1783125052.599015 sending message 105 to peer 00000210780A56E0 (20 bytes)
1783125052.599015 sending message 105 to peer 00000210780A56E0 (13 bytes)
1783125052.599015 sending message 105 to peer 00000210780A56E0 (22 bytes)
1783125052.599015 sending message 105 to peer 00000210780A56E0 (25 bytes)
1783125052.599015 sending message 105 to peer 00000210780A56E0 (223 bytes)
1783125052.599015 sending message 105 to peer 00000210780A56E0 (17 bytes)
1783125052.599015 sending message 105 to peer 00000210780A56E0 (42 bytes)
1783125052.599015 sending message 105 to peer 00000210780A56E0 (30 bytes)
1783125052.599015 sending message 105 to peer 00000210780A56E0 (216 bytes)
1783125052.599015 sending message 105 to peer 00000210780A56E0 (31 bytes)
1783125052.599015 sending message 105 to peer 00000210780A56E0 (38 bytes)
1783125052.599015 sending message 105 to peer 00000210780A56E0 (42 bytes)
1783125052.599015 sending message 105 to peer 00000210780A56E0 (16 bytes)
1783125052.599015 sending message 105 to peer 00000210780A56E0 (21 bytes)
1783125052.599015 sending message 105 to peer 00000210780A56E0 (33 bytes)
1783125052.599015 sending message 105 to peer 00000210780A56E0 (44 bytes)
1783125052.599015 sending message 105 to peer 00000210780A56E0 (24 bytes)
1783125052.599015 sending message 105 to peer 00000210780A56E0 (42 bytes)
1783125052.599015 sending message 105 to peer 00000210780A56E0 (28 bytes)
1783125052.599015 sending message 105 to peer 00000210780A56E0 (22 bytes)
1783125052.599015 sending message 105 to peer 00000210780A56E0 (1718 bytes)
1783125052.599015 sending message 105 to peer 00000210780A56E0 (48 bytes)
1783125052.599552 sending message 105 to peer 00000210780A56E0 (47 bytes)
1783125052.599552 sending message 105 to peer 00000210780A56E0 (14 bytes)
1783125052.599552 sending message 105 to peer 00000210780A56E0 (33 bytes)
1783125052.599552 sending message 105 to peer 00000210780A56E0 (1934 bytes)
1783125052.599552 sending message 105 to peer 00000210780A56E0 (62 bytes)
1783125052.599552 sending message 105 to peer 00000210780A56E0 (104 bytes)
1783125052.599552 sending message 105 to peer 00000210780A56E0 (68 bytes)
1783125052.599552 sending message 105 to peer 00000210780A56E0 (64 bytes)
1783125052.599552 sending message 105 to peer 00000210780A56E0 (19 bytes)
1783125052.599552 sending message 105 to peer 00000210780A56E0 (29 bytes)
1783125052.599552 sending message 105 to peer 00000210780A56E0 (73 bytes)
1783125052.599552 sending message 105 to peer 00000210780A56E0 (18 bytes)
1783125052.599552 sending message 105 to peer 00000210780A56E0 (24 bytes)
1783125052.599552 sending message 105 to peer 00000210780A56E0 (30 bytes)
1783125052.599552 sending message 105 to peer 00000210780A56E0 (130 bytes)
1783125052.599552 sending message 105 to peer 00000210780A56E0 (147 bytes)
1783125052.599552 sending message 105 to peer 00000210780A56E0 (23 bytes)
1783125052.599552 sending message 105 to peer 00000210780A56E0 (32 bytes)
1783125052.599552 sending message 105 to peer 00000210780A56E0 (27 bytes)
1783125052.599552 sending message 105 to peer 00000210780A56E0 (41 bytes)
1783125052.599552 sending message 105 to peer 00000210780A56E0 (30 bytes)
1783125052.599552 sending message 105 to peer 00000210780A56E0 (20 bytes)
1783125052.599552 sending message 105 to peer 00000210780A56E0 (44 bytes)
1783125052.599552 sending message 105 to peer 00000210780A56E0 (8 bytes)
1783125052.599552 sending message 105 to peer 00000210780A56E0 (61 bytes)
1783125052.599552 sending message 105 to peer 00000210780A56E0 (15 bytes)
1783125052.599552 sending message 105 to peer 00000210780A56E0 (22 bytes)
1783125052.600064 sending message 105 to peer 00000210780A56E0 (39 bytes)
1783125052.600064 sending message 105 to peer 00000210780A56E0 (20 bytes)
1783125052.600064 sending message 105 to peer 00000210780A56E0 (38 bytes)
1783125052.600064 sending message 105 to peer 00000210780A56E0 (41 bytes)
1783125052.600064 sending message 105 to peer 00000210780A56E0 (27 bytes)
1783125052.600064 sending message 105 to peer 00000210780A56E0 (42 bytes)
1783125052.600064 sending message 105 to peer 00000210780A56E0 (15 bytes)
1783125052.600064 sending message 105 to peer 00000210780A56E0 (27 bytes)
1783125052.600064 sending message 105 to peer 00000210780A56E0 (82 bytes)
1783125052.600064 sending message 105 to peer 00000210780A56E0 (18 bytes)
1783125052.600064 sending message 105 to peer 00000210780A56E0 (33 bytes)
1783125052.600064 sending message 105 to peer 00000210780A56E0 (73 bytes)
1783125052.600064 sending message 105 to peer 00000210780A56E0 (53 bytes)
1783125052.600064 sending message 105 to peer 00000210780A56E0 (48 bytes)
1783125052.600064 sending message 105 to peer 00000210780A56E0 (20 bytes)
1783125052.600064 sending message 105 to peer 00000210780A56E0 (25 bytes)
1783125052.600064 sending message 106 to peer 00000210780A56E0 (0 bytes)
1783125052.600064 sending message 208 to peer 00000210780A56E0 (8 bytes)
1783125052.601127 cmd_pack_argv: argv[0]=new
1783125052.601127 cmd_pack_argv: argv[1]=-d
1783125052.601709 cmd_pack_argv: argv[2]=-s
1783125052.601709 cmd_pack_argv: argv[3]=test
1783125052.601709 sending message 200 to peer 00000210780A56E0 (19 bytes)
1783125052.601709 client loop enter
1783125052.628306 peer 00000210780A56E0 message 203
1783125052.628306 client loop exit
